To honour the JVM settings for this build a single-use Daemon process will be forked. For more on this, please refer to https://docs.gradle.org/8.5/userguide/gradle_daemon.html#sec:disabling_the_daemon in the Gradle documentation.
Daemon will be stopped at the end of the build 

> Configure project :
FML Loom: 0.1
fabric-installer.json not found in dependencies!

> Task :compileJava FAILED
.\gradlew.bat : A:\MITE-Work\NetMusic-FML3.4.2\src\main\java\com\github\tartaricacid\netmusic\api\NetWorker.java:96: 错误: 找不到符号
所在位置 行:1 字符: 38
+ ... -FML3.4.2"; .\gradlew.bat compileJava --no-daemon --console=plain > c ...
+                 ~~~~~~~~~~~~~~~~~~~~~~~~~~~~~~~~~~~~~~~~~~~~~~~~~~~~~~~~~
    + CategoryInfo          : NotSpecified: (A:\MITE-Work\Ne...a:96: 错误: 找不到符号:String) [], RemoteException
    + FullyQualifiedErrorId : NativeCommandError
 
        Proxy.Type proxyType = GeneralConfig.PROXY_TYPE.get();
                                                       ^
  符号:   方法 get()
  位置: 类型为Type的变量 PROXY_TYPE
A:\MITE-Work\NetMusic-FML3.4.2\src\main\java\com\github\tartaricacid\netmusic\api\NetWorker.java:97: 错误: 找不到符号
        String proxyAddress = GeneralConfig.PROXY_ADDRESS.get();
                                                         ^
  符号:   方法 get()
  位置: 类型为String的变量 PROXY_ADDRESS
A:\MITE-Work\NetMusic-FML3.4.2\src\main\java\com\github\tartaricacid\netmusic\inventory\ImplementedInventory.java:17: 错误: 方法不会覆盖或实现超类型的方法
    @Override
    ^
注: 某些输入文件使用了未经检查或不安全的操作。
注: 有关详细信息, 请使用 -Xlint:unchecked 重新编译。
3 个错误

FAILURE: Build failed with an exception.

* What went wrong:
Execution failed for task ':compileJava'.
> Compilation failed; see the compiler error output for details.

* Try:
> Run with --info option to get more log output.
> Run with --scan to get full insights.

BUILD FAILED in 9s
1 actionable task: 1 executed
